125 failed
    [chromium] › tests/ai-command-test.spec.ts:14:7 › AI Command Interface › should be able to type in chat input 
    [chromium] › tests/ai-command-test.spec.ts:28:7 › AI Command Interface › should execute tool command via chat 
    [chromium] › tests/ai-command-test.spec.ts:53:7 › AI Command Interface › should open menu via chat command vs UI button 
    [chromium] › tests/auto-generated.spec.ts:29:7 › @supernal-interface/core Auto-Generated Tests › should have all required tool elements present 
    [chromium] › tests/auto-generated.spec.ts:66:7 › @supernal-interface/core Auto-Generated Tests › should handle chat interface tools 
    [chromium] › tests/auto-generated.spec.ts:94:7 › @supernal-interface/core Auto-Generated Tests › should process AI commands via chat 
    [chromium] › tests/auto-generated.spec.ts:144:9 › AI Command Processing › should process AI command: "open menu" 
    [chromium] › tests/auto-generated.spec.ts:144:9 › AI Command Processing › should process AI command: "close menu" 
    [chromium] › tests/auto-generated.spec.ts:144:9 › AI Command Processing › should process AI command: "toggle feature" 
    [chromium] › tests/blog-navigation.spec.ts:8:7 › Blog Post Navigation › should navigate to specific blog post by title keywords 
    [chromium] › tests/blog-navigation.spec.ts:55:7 › Blog Post Navigation › should navigate to blog post with different keywords 
    [chromium] › tests/blog-navigation.spec.ts:74:7 › Blog Post Navigation › should show suggestions if no exact match 
    [chromium] › tests/clickable-tools.spec.ts:41:7 › Clickable Tool Interface › should populate AI input when clicking command examples 
    [chromium] › tests/clickable-tools.spec.ts:55:7 › Clickable Tool Interface › should show chat interface and accept input 
    [chromium] › tests/debug-blog-navigation.spec.ts:30:7 › Blog Navigation Debug › Debug: "open your users" from home page 
    [chromium] › tests/debug-blog-navigation.spec.ts:52:7 › Blog Navigation Debug › Debug: "open agentic ux" from home page 
    [chromium] › tests/debug-blog-navigation.spec.ts:65:7 › Blog Navigation Debug › Debug: "open 80% less" from home page 
    [chromium] › tests/debug-blog-navigation.spec.ts:78:7 › Blog Navigation Debug › Debug: "open agentic ux" from blog page 
    [chromium] › tests/e2e/architecture-page.spec.ts:5:7 › Architecture Page › should navigate to architecture page and load graph 
    [chromium] › tests/e2e/architecture-page.spec.ts:58:7 › Architecture Page › should display debug info 
    [chromium] › tests/e2e/architecture-page.spec.ts:88:7 › Architecture Page › should verify @supernal-interface/core exports 
    [chromium] › tests/e2e/cross-container-navigation.spec.ts:14:7 › Cross-Container Navigation › Navigate from Dashboard to Demo and execute tool 
    [chromium] › tests/e2e/cross-container-navigation.spec.ts:41:7 › Cross-Container Navigation › Direct navigation command works 
    [chromium] › tests/e2e/debug-cross-nav.spec.ts:3:5 › Debug cross-container navigation 
    [chromium] › tests/e2e/debug.spec.ts:3:5 › debug page state 
    [chromium] › tests/e2e/final-check.spec.ts:3:5 › Check actual AI response in chat 
    [chromium] › tests/e2e/global-theme-tools.spec.ts:18:7 › Global Theme Tools › should execute "dark mode" command from Docs page without navigation 
    [chromium] › tests/e2e/global-theme-tools.spec.ts:34:7 › Global Theme Tools › should execute "light mode" command to revert theme 
    [chromium] › tests/e2e/global-theme-tools.spec.ts:50:7 › Global Theme Tools › should find theme tools with various command phrases 
    [chromium] › tests/e2e/global-theme-tools.spec.ts:74:7 › Global Theme Tools › should work from Dashboard page (test true global availability) 
    [chromium] › tests/e2e/global-theme-tools.spec.ts:90:7 › Global Theme Tools › should work from Examples page 
    [chromium] › tests/e2e/global-theme-tools.spec.ts:103:7 › Global Theme Tools › should persist theme across page navigation 
    [chromium] › tests/e2e/global-theme-tools.spec.ts:126:7 › Global Theme Tools › should persist theme across page reload 
    [chromium] › tests/e2e/global-theme-tools.spec.ts:149:7 › Global Theme Tools › should not navigate to Demo page when executing theme command 
    [chromium] › tests/e2e/global-theme-tools.spec.ts:163:7 › Global Theme Tools › should show error for single-word "dark" or "light" commands 
    [chromium] › tests/e2e/stateful-state-persistence.spec.ts:33:7 › Stateful Demo - State Persistence › menu state persists across refresh 
    [chromium] › tests/e2e/stateful-state-persistence.spec.ts:49:7 › Stateful Demo - State Persistence › feature toggle persists across refresh 
    [chromium] › tests/e2e/stateful-state-persistence.spec.ts:70:7 › Stateful Demo - State Persistence › priority selection persists across refresh 
    [chromium] › tests/e2e/stateful-state-persistence.spec.ts:91:7 › Stateful Demo - State Persistence › theme selection persists across refresh 
    [chromium] › tests/e2e/stateful-state-persistence.spec.ts:133:7 › Stateful Demo - State Persistence › localStorage contains demo-widgets key 
    [chromium] › tests/e2e/tool-id-uniqueness.spec.ts:92:7 › Tool ID Uniqueness › simple demo has expected tool count 
    [chromium] › tests/e2e/tool-id-uniqueness.spec.ts:105:7 › Tool ID Uniqueness › stateful demo has expected tool count 
    [chromium] › tests/e2e/unified-demo-tabs.spec.ts:26:7 › Demo Route Navigation › simple demo loads with proper layout 
    [chromium] › tests/e2e/unified-demo-tabs.spec.ts:98:7 › Demo Route Navigation › navigation between routes preserves layout 
    [chromium] › tests/e2e/widget-tool-integration.spec.ts:68:9 › @supernal-interface Widget-Tool Integration › Checkbox Widgets › Toggle Feature - widget and tool 
    [chromium] › tests/e2e/widget-tool-integration.spec.ts:86:9 › @supernal-interface Widget-Tool Integration › Checkbox Widgets › Toggle Notifications - widget and tool 
    [chromium] › tests/e2e/widget-tool-integration.spec.ts:107:9 › @supernal-interface Widget-Tool Integration › Radio Widget › Set Priority - widget and tool 
    [chromium] › tests/e2e/widget-tool-integration.spec.ts:130:9 › @supernal-interface Widget-Tool Integration › Select Widgets › Set Status - widget and tool 
    [chromium] › tests/e2e/widget-tool-integration.spec.ts:151:9 › @supernal-interface Widget-Tool Integration › Select Widgets › Set Theme - widget and tool 
    [chromium] › tests/e2e/widget-tool-integration.spec.ts:178:9 › @supernal-interface Widget-Tool Integration › Form Widget › Submit Form - widget and tool 
    [chromium] › tests/e2e/widget-tool-integration.spec.ts:209:9 › @supernal-interface Widget-Tool Integration › Chat Bubble Integration › Chat bubble auto-opens and can be toggled 
    [chromium] › tests/e2e/widget-tool-integration.spec.ts:233:9 › @supernal-interface Widget-Tool Integration › Chat Bubble Integration › AI commands execute corresponding tools via chat bubble 
    [chromium] › tests/e2e/widget-tool-integration.spec.ts:273:9 › @supernal-interface Widget-Tool Integration › Chat Bubble Integration › Chat bubble shows unread indicator 
    [chromium] › tests/e2e/widget-tool-integration.spec.ts:303:9 › @supernal-interface Widget-Tool Integration › Chat Bubble Integration › Chat can be cleared 
    [chromium] › tests/e2e/widget-tool-integration.spec.ts:331:9 › @supernal-interface Widget-Tool Integration › Chat Bubble Integration › Visual highlighting appears when AI commands execute 
    [chromium] › tests/e2e/widget-tool-integration.spec.ts:355:9 › @supernal-interface Widget-Tool Integration › Tool Registry Validation › All 10 tools are registered and visible 
    [chromium] › tests/e2e/widget-tool-integration.spec.ts:383:9 › @supernal-interface Widget-Tool Integration › Tool Registry Validation › Tool execution provides proper feedback 
    [chromium] › tests/e2e/widget-tool-integration.spec.ts:413:9 › @supernal-interface Widget-Tool Integration › State Synchronization › Widget changes reflect in tool execution and vice versa 
    [chromium] › tests/examples-tool-execution.spec.ts:21:7 › Examples Page Tool Execution › should execute "increment counter" command 
    [chromium] › tests/generated/counter.e2e.spec.ts:43:7 › Component: counter › increment - Increment counter by specified amount 
    [chromium] › tests/generated/counter.e2e.spec.ts:60:7 › Component: counter › decrement - Decrement counter by specified amount 
    [chromium] › tests/generated/counter.e2e.spec.ts:77:7 › Component: counter › reset - Reset counter to zero 
    [chromium] › tests/generated/stories/blog-search-navigation.spec.ts:21:7 › Blog Search Navigation › Navigate to blog index without query 
    [chromium] › tests/generated/stories/blog-search-navigation.spec.ts:51:7 › Blog Search Navigation › Search for specific blog post with full query 
    [chromium] › tests/generated/stories/blog-search-navigation.spec.ts:88:7 › Blog Search Navigation › Search with partial match 
    [chromium] › tests/generated/stories/blog-search-navigation.spec.ts:121:7 › Blog Search Navigation › Pattern matching with placeholders 
    [chromium] › tests/generated/stories/blog-search-navigation.spec.ts:148:7 › Blog Search Navigation › Scoped tool prioritization over global navigation 
    [chromium] › tests/generated/stories/blog-search-navigation.spec.ts:182:7 › Blog Search Navigation › UI feedback on successful search 
    [chromium] › tests/generated/stories/blog-search-navigation.spec.ts:212:7 › Blog Search Navigation › UI feedback on failed search 
    [chromium] › tests/generated/stories/blog-search-navigation.spec.ts:235:7 › Blog Search Navigation › Global navigation still works from blog page 
    [chromium] › tests/generated/stories/blog-search-navigation.spec.ts:261:7 › Blog Search Navigation › Tool filtering shows correct counts in console 
    [chromium] › tests/generated/stories/blog-search-navigation.spec.ts:290:7 › Blog Search Navigation › Match query with extra words to pattern 
    [chromium] › tests/generated/stories/blog-search-navigation.spec.ts:313:7 › Blog Search Navigation › Match query without extra words to pattern 
    [chromium] › tests/generated/stories/blog-search-navigation.spec.ts:336:7 › Blog Search Navigation › Blog search input is visible 
    [chromium] › tests/generated/stories/blog-search-navigation.spec.ts:353:7 › Blog Search Navigation › Blog category filter is visible 
    [chromium] › tests/generated/stories/blog-search-navigation.spec.ts:370:7 › Blog Search Navigation › Blog post cards are visible 
    [chromium] › tests/generated/stories/blog-search-navigation.spec.ts:387:7 › Blog Search Navigation › Can navigate back from blog 
    [chromium] › tests/generated/stories/cache-demo.spec.ts:21:7 › Cache Demo › Demonstrate cache hits 
    [chromium] › tests/generated/stories/chat-component.spec.ts:24:7 › Chat Component › Starting with empty chat 
    [chromium] › tests/generated/stories/chat-component.spec.ts:45:7 › Chat Component › Sending a single message 
    [chromium] › tests/generated/stories/chat-component.spec.ts:73:7 › Chat Component › Viewing existing conversation 
    [chromium] › tests/generated/stories/chat-component.spec.ts:91:7 › Chat Component › Adding to existing conversation 
    [chromium] › tests/generated/stories/chat-component.spec.ts:115:7 › Chat Component › Clearing all messages 
    [chromium] › tests/generated/stories/chat-component.spec.ts:141:7 › Chat Component › Multiple messages in sequence 
    [chromium] › tests/generated/stories/chat-component.spec.ts:177:7 › Chat Component › Message persistence across actions 
    [chromium] › tests/generated/stories/chat-messages.spec.ts:23:7 › Chat Messages › Send one message 
    [chromium] › tests/generated/stories/chat-messages.spec.ts:44:7 › Chat Messages › Send multiple messages 
    [chromium] › tests/generated/stories/complete-interface-demo.spec.ts:20:7 › Complete Interface Demo › Opening and using the chat interface 
    [chromium] › tests/generated/stories/complete-interface-demo.spec.ts:57:7 › Complete Interface Demo › Interacting with the counter 
    [chromium] › tests/generated/stories/complete-interface-demo.spec.ts:97:7 › Complete Interface Demo › Using AI commands to control the interface 
    [chromium] › tests/generated/stories/complete-interface-demo.spec.ts:134:7 › Complete Interface Demo › Final demonstration of the complete workflow 
    [chromium] › tests/generated/stories/counter-tools-demo.spec.ts:20:7 › Counter Tools Demo › Using counter tools 
    [chromium] › tests/generated/stories/state-transitions-and-caching.spec.ts:21:7 › State Transitions and Caching › Cache hit for identical state sequence 
    [chromium] › tests/generated/stories/state-transitions-and-caching.spec.ts:52:7 › State Transitions and Caching › Cache miss for different state sequence 
    [chromium] › tests/generated/stories/state-transitions-and-caching.spec.ts:83:7 › State Transitions and Caching › Resume from checkpoint after failure 
    [chromium] › tests/generated/stories/state-transitions-and-caching.spec.ts:116:7 › State Transitions and Caching › State-dependent caching 
    [chromium] › tests/generated/stories/state-transitions-and-caching.spec.ts:144:7 › State Transitions and Caching › State hash verification 
    [chromium] › tests/generated/stories/state-transitions-and-caching.spec.ts:166:7 › State Transitions and Caching › Transition function execution 
    [chromium] › tests/generated/stories/state-transitions-and-caching.spec.ts:190:7 › State Transitions and Caching › Immutable state transitions 
    [chromium] › tests/navigation-debug.spec.ts:7:7 › Navigation Debug › check if chat sends commands 
    [chromium] › tests/navigation.spec.ts:15:7 › Navigation via AI Commands › should navigate to dashboard 
    [chromium] › tests/navigation.spec.ts:34:7 › Navigation via AI Commands › should navigate to blog 
    [chromium] › tests/navigation.spec.ts:50:7 › Navigation via AI Commands › should navigate to examples 
    [chromium] › tests/navigation.spec.ts:61:7 › Navigation via AI Commands › should navigate from blog to dashboard 
    [chromium] › tests/post-migration.spec.ts:5:7 › Post-Migration Site Functionality › Architecture page loads and shows visualization 
    [chromium] › tests/post-migration.spec.ts:18:7 › Post-Migration Site Functionality › Chat bubble is present and functional 
    [chromium] › tests/post-migration.spec.ts:26:7 › Post-Migration Site Functionality › Navigation between pages works 
    [chromium] › tests/post-migration.spec.ts:42:7 › Post-Migration Site Functionality › Tools are registered and visible 
    [chromium] › tests/post-migration.spec.ts:59:7 › Post-Migration Site Functionality › Blog pages still work after migration 
    [chromium] › tests/quick-theme-test.spec.ts:3:5 › stateful demo theme change via AI 
    [chromium] › tests/stateful-state-persistence.spec.ts:21:7 › Stateful Demo - State Persistence › menu state persists across refresh 
    [chromium] › tests/stateful-state-persistence.spec.ts:40:7 › Stateful Demo - State Persistence › feature toggle persists across refresh 
    [chromium] › tests/stateful-state-persistence.spec.ts:61:7 › Stateful Demo - State Persistence › priority selection persists across refresh 
    [chromium] › tests/stateful-state-persistence.spec.ts:82:7 › Stateful Demo - State Persistence › theme selection persists across refresh 
    [chromium] › tests/stateful-state-persistence.spec.ts:103:7 › Stateful Demo - State Persistence › simple demo does NOT persist state 
    [chromium] › tests/stateful-state-persistence.spec.ts:124:7 › Stateful Demo - State Persistence › localStorage contains demo-widgets key 
    [chromium] › tests/stateful-theme-ai.spec.ts:24:7 › Stateful Demo - AI Theme Control › should bind DemoWidgetTools instance methods 
    [chromium] › tests/stateful-theme-ai.spec.ts:55:7 › Stateful Demo - AI Theme Control › should change theme via AI command 
    [chromium] › tests/stateful-theme-ai.spec.ts:86:7 › Stateful Demo - AI Theme Control › should persist theme after refresh 
    [chromium] › tests/test-blog-tools.spec.ts:7:5 › debug: check blog tools registration 
    [chromium] › tests/tool-id-uniqueness.spec.ts:14:7 › Tool ID Uniqueness › simple demo has unique tool IDs 
    [chromium] › tests/tool-id-uniqueness.spec.ts:45:7 › Tool ID Uniqueness › stateful demo has unique tool IDs 
    [chromium] › tests/tool-id-uniqueness.spec.ts:118:7 › Tool ID Uniqueness › stateful demo has expected tool count 
    [chromium] › tests/verify-working.spec.ts:11:7 › Verify System is Working › page loads and shows content 
    [chromium] › tests/verify-working.spec.ts:77:7 › Verify System is Working › check tool registration in console 
